馃И 寮€濮嬫祴璇曡繃婊よ鍒欓泦鎴?
================================================================================

馃搵 鍦烘櫙 1: 鎺掗櫎棣欐腐鍜屾棩鏈妭鐐?   杩囨护瑙勫垯: "棣欐腐|鏃ユ湰|HK|JP"
   鑺傜偣鎬绘暟: 5
   鉂?搴斾繚鐣欎絾琚繃婊? hk.example.com
      鑺傜偣: vless://uuid@hk.example.com:443?type=ws...
   鉁?搴斾繚鐣欒妭鐐?2: Singapore-01
   鉁?搴斾繚鐣欒妭鐐?3: 缇庡浗鑺傜偣
   鉁?搴旇繃婊よ妭鐐?1: 棣欐腐-01
   鉁?搴旇繃婊よ妭鐐?2: jp.test.com
   鉂?鍦烘櫙娴嬭瘯澶辫触

馃搵 鍦烘櫙 2: 鍙繚鐣欐柊鍔犲潯鑺傜偣锛堢櫧鍚嶅崟锛?   杩囨护瑙勫垯: "keep:Singapore|SG|鏂板姞鍧sg.example"
   鑺傜偣鎬绘暟: 4
   鉁?搴斾繚鐣欒妭鐐?1: Singapore-01
   鉁?搴斾繚鐣欒妭鐐?2: 鏂板姞鍧?蹇€?   鉁?搴斾繚鐣欒妭鐐?3: singapore.proxy.net
   鉁?搴旇繃婊よ妭鐐?1: hk.test.com
   鉁?鍦烘櫙娴嬭瘯閫氳繃

馃搵 鍦烘櫙 3: 鎺掗櫎鐗瑰畾鍗忚
   杩囨护瑙勫垯: "proto:ss,ssr"
   鑺傜偣鎬绘暟: 5
   鉁?搴斾繚鐣欒妭鐐?1: VMess-鑺傜偣
   鉁?搴斾繚鐣欒妭鐐?2: vless.com
   鉁?搴斾繚鐣欒妭鐐?3: trojan.com
   鉁?搴旇繃婊よ妭鐐?1: ss.server.com
   鉁?搴旇繃婊よ妭鐐?2: SSR 鑺傜偣
   鉁?鍦烘櫙娴嬭瘯閫氳繃

馃搵 鍦烘櫙 4: 娣峰悎瑙勫垯 - 鎺掗櫎鍗忚鍜屽悕绉?   杩囨护瑙勫垯: "proto:ss
棣欐腐"
   鑺傜偣鎬绘暟: 4
   鉁?搴斾繚鐣欒妭鐐?1: 鏂板姞鍧?   鉁?搴斾繚鐣欒妭鐐?2: hk.com
   鉁?搴旇繃婊よ妭鐐?1: 棣欐腐-VMess
   鉁?搴旇繃婊よ妭鐐?2: 缇庡浗
   鉁?鍦烘櫙娴嬭瘯閫氳繃

================================================================================

馃搳 鎬绘祴璇曠粨鏋? 17/18 閫氳繃, 1 澶辫触

鉂?閮ㄥ垎杩囨护瑙勫垯娴嬭瘯澶辫触锛岃妫€鏌ワ紒
